// Jest Snapshot v1, https://goo.gl/fbAQLP

exports[`Housing component should render correctly 1`] = `
<div
  className="housing"
  onClick={[MockFunction]}
>
  red
  yellow
  green
</div>
`;
